   Qt/MSBuild: 3.3.1.1
   Qt: 6.4.0
  main.cpp
C:\Users\12891\source\repos\Server\Server\main.cpp(1,1): warning C4828: 文件包含在偏移 0x262b 处开始的字符，该字符在当前源字符集中无效(代码页 65001)。
C:\Users\12891\source\repos\Server\Server\main.cpp(1,1): warning C4828: 文件包含在偏移 0x262c 处开始的字符，该字符在当前源字符集中无效(代码页 65001)。
C:\Users\12891\source\repos\Server\Server\main.cpp(1,1): warning C4828: 文件包含在偏移 0x262d 处开始的字符，该字符在当前源字符集中无效(代码页 65001)。
C:\Users\12891\source\repos\Server\Server\main.cpp(1,1): warning C4828: 文件包含在偏移 0x262e 处开始的字符，该字符在当前源字符集中无效(代码页 65001)。
C:\Users\12891\source\repos\Server\Server\main.cpp(1,1): warning C4828: 文件包含在偏移 0x2652 处开始的字符，该字符在当前源字符集中无效(代码页 65001)。
C:\Users\12891\source\repos\Server\Server\main.cpp(1,1): warning C4828: 文件包含在偏移 0x2653 处开始的字符，该字符在当前源字符集中无效(代码页 65001)。
C:\Users\12891\source\repos\Server\Server\main.cpp(1,1): warning C4828: 文件包含在偏移 0x2654 处开始的字符，该字符在当前源字符集中无效(代码页 65001)。
C:\Users\12891\source\repos\Server\Server\main.cpp(1,1): warning C4828: 文件包含在偏移 0x2655 处开始的字符，该字符在当前源字符集中无效(代码页 65001)。
C:\Users\12891\source\repos\Server\Server\main.cpp(1,1): warning C4828: 文件包含在偏移 0x2656 处开始的字符，该字符在当前源字符集中无效(代码页 65001)。
C:\Users\12891\source\repos\Server\Server\main.cpp(1,1): warning C4828: 文件包含在偏移 0x2657 处开始的字符，该字符在当前源字符集中无效(代码页 65001)。
C:\Users\12891\source\repos\Server\Server\main.cpp(1,1): warning C4828: 文件包含在偏移 0x267c 处开始的字符，该字符在当前源字符集中无效(代码页 65001)。
C:\Users\12891\source\repos\Server\Server\main.cpp(1,1): warning C4828: 文件包含在偏移 0x267d 处开始的字符，该字符在当前源字符集中无效(代码页 65001)。
C:\Users\12891\source\repos\Server\Server\main.cpp(1,1): warning C4828: 文件包含在偏移 0x267e 处开始的字符，该字符在当前源字符集中无效(代码页 65001)。
C:\Users\12891\source\repos\Server\Server\main.cpp(1,1): warning C4828: 文件包含在偏移 0x2680 处开始的字符，该字符在当前源字符集中无效(代码页 65001)。
C:\Users\12891\source\repos\Server\Server\main.cpp(1,1): warning C4828: 文件包含在偏移 0x2681 处开始的字符，该字符在当前源字符集中无效(代码页 65001)。
C:\Users\12891\source\repos\Server\Server\main.cpp(1,1): warning C4828: 文件包含在偏移 0x2686 处开始的字符，该字符在当前源字符集中无效(代码页 65001)。
C:\Users\12891\source\repos\Server\Server\main.cpp(1,1): warning C4828: 文件包含在偏移 0x2687 处开始的字符，该字符在当前源字符集中无效(代码页 65001)。
C:\Users\12891\source\repos\Server\Server\main.cpp(1,1): warning C4828: 文件包含在偏移 0x2688 处开始的字符，该字符在当前源字符集中无效(代码页 65001)。
C:\Users\12891\source\repos\Server\Server\main.cpp(1,1): warning C4828: 文件包含在偏移 0x268a 处开始的字符，该字符在当前源字符集中无效(代码页 65001)。
C:\Users\12891\source\repos\Server\Server\main.cpp(1,1): warning C4828: 文件包含在偏移 0x268b 处开始的字符，该字符在当前源字符集中无效(代码页 65001)。
C:\Users\12891\source\repos\Server\Server\main.cpp(1,1): warning C4828: 文件包含在偏移 0x331f 处开始的字符，该字符在当前源字符集中无效(代码页 65001)。
C:\Users\12891\source\repos\Server\Server\main.cpp(1,1): warning C4828: 文件包含在偏移 0x3321 处开始的字符，该字符在当前源字符集中无效(代码页 65001)。
C:\Users\12891\source\repos\Server\Server\main.cpp(1,1): warning C4828: 文件包含在偏移 0x3322 处开始的字符，该字符在当前源字符集中无效(代码页 65001)。
C:\Users\12891\source\repos\Server\Server\main.cpp(1,1): warning C4828: 文件包含在偏移 0x3323 处开始的字符，该字符在当前源字符集中无效(代码页 65001)。
C:\Users\12891\source\repos\Server\Server\main.cpp(1,1): warning C4828: 文件包含在偏移 0x3325 处开始的字符，该字符在当前源字符集中无效(代码页 65001)。
C:\Users\12891\source\repos\Server\Server\main.cpp(1,1): warning C4828: 文件包含在偏移 0x3326 处开始的字符，该字符在当前源字符集中无效(代码页 65001)。
C:\Users\12891\source\repos\Server\Server\main.cpp(1,1): warning C4828: 文件包含在偏移 0x3327 处开始的字符，该字符在当前源字符集中无效(代码页 65001)。
C:\Users\12891\source\repos\Server\Server\main.cpp(1,1): warning C4828: 文件包含在偏移 0x3328 处开始的字符，该字符在当前源字符集中无效(代码页 65001)。
C:\Users\12891\source\repos\Server\Server\main.cpp(1,1): warning C4828: 文件包含在偏移 0x3329 处开始的字符，该字符在当前源字符集中无效(代码页 65001)。
C:\Users\12891\source\repos\Server\Server\main.cpp(1,1): warning C4828: 文件包含在偏移 0x332b 处开始的字符，该字符在当前源字符集中无效(代码页 65001)。
C:\Users\12891\source\repos\Server\Server\main.cpp(1,1): warning C4828: 文件包含在偏移 0x332c 处开始的字符，该字符在当前源字符集中无效(代码页 65001)。
C:\Users\12891\source\repos\Server\Server\main.cpp(1,1): warning C4828: 文件包含在偏移 0x332d 处开始的字符，该字符在当前源字符集中无效(代码页 65001)。
C:\Users\12891\source\repos\Server\Server\main.cpp(1,1): warning C4828: 文件包含在偏移 0x332e 处开始的字符，该字符在当前源字符集中无效(代码页 65001)。
C:\Users\12891\source\repos\Server\Server\main.cpp(1,1): warning C4828: 文件包含在偏移 0x3381 处开始的字符，该字符在当前源字符集中无效(代码页 65001)。
C:\Users\12891\source\repos\Server\Server\main.cpp(1,1): warning C4828: 文件包含在偏移 0x3383 处开始的字符，该字符在当前源字符集中无效(代码页 65001)。
C:\Users\12891\source\repos\Server\Server\main.cpp(1,1): warning C4828: 文件包含在偏移 0x3384 处开始的字符，该字符在当前源字符集中无效(代码页 65001)。
C:\Users\12891\source\repos\Server\Server\main.cpp(1,1): warning C4828: 文件包含在偏移 0x3385 处开始的字符，该字符在当前源字符集中无效(代码页 65001)。
C:\Users\12891\source\repos\Server\Server\main.cpp(1,1): warning C4828: 文件包含在偏移 0x3387 处开始的字符，该字符在当前源字符集中无效(代码页 65001)。
C:\Users\12891\source\repos\Server\Server\main.cpp(1,1): warning C4828: 文件包含在偏移 0x3388 处开始的字符，该字符在当前源字符集中无效(代码页 65001)。
C:\Users\12891\source\repos\Server\Server\main.cpp(1,1): warning C4828: 文件包含在偏移 0x3389 处开始的字符，该字符在当前源字符集中无效(代码页 65001)。
C:\Users\12891\source\repos\Server\Server\main.cpp(1,1): warning C4828: 文件包含在偏移 0x338b 处开始的字符，该字符在当前源字符集中无效(代码页 65001)。
C:\Users\12891\source\repos\Server\Server\main.cpp(1,1): warning C4828: 文件包含在偏移 0x338d 处开始的字符，该字符在当前源字符集中无效(代码页 65001)。
C:\Users\12891\source\repos\Server\Server\main.cpp(1,1): warning C4828: 文件包含在偏移 0x338e 处开始的字符，该字符在当前源字符集中无效(代码页 65001)。
C:\Users\12891\source\repos\Server\Server\main.cpp(1,1): warning C4828: 文件包含在偏移 0x338f 处开始的字符，该字符在当前源字符集中无效(代码页 65001)。
C:\Users\12891\source\repos\Server\Server\main.cpp(1,1): warning C4828: 文件包含在偏移 0x3390 处开始的字符，该字符在当前源字符集中无效(代码页 65001)。
C:\Users\12891\source\repos\Server\Server\main.cpp(1,1): warning C4828: 文件包含在偏移 0x37a6 处开始的字符，该字符在当前源字符集中无效(代码页 65001)。
C:\Users\12891\source\repos\Server\Server\main.cpp(1,1): warning C4828: 文件包含在偏移 0x37a7 处开始的字符，该字符在当前源字符集中无效(代码页 65001)。
C:\Users\12891\source\repos\Server\Server\main.cpp(1,1): warning C4828: 文件包含在偏移 0x37a8 处开始的字符，该字符在当前源字符集中无效(代码页 65001)。
C:\Users\12891\source\repos\Server\Server\main.cpp(1,1): warning C4828: 文件包含在偏移 0x37a9 处开始的字符，该字符在当前源字符集中无效(代码页 65001)。
C:\Users\12891\source\repos\Server\Server\main.cpp(1,1): warning C4828: 文件包含在偏移 0x37aa 处开始的字符，该字符在当前源字符集中无效(代码页 65001)。
C:\Users\12891\source\repos\Server\Server\main.cpp(1,1): warning C4828: 文件包含在偏移 0x37ac 处开始的字符，该字符在当前源字符集中无效(代码页 65001)。
C:\Users\12891\source\repos\Server\Server\main.cpp(1,1): warning C4828: 文件包含在偏移 0x37ad 处开始的字符，该字符在当前源字符集中无效(代码页 65001)。
C:\Users\12891\source\repos\Server\Server\main.cpp(1,1): warning C4828: 文件包含在偏移 0x37af 处开始的字符，该字符在当前源字符集中无效(代码页 65001)。
C:\Users\12891\source\repos\Server\Server\main.cpp(1,1): warning C4828: 文件包含在偏移 0x3840 处开始的字符，该字符在当前源字符集中无效(代码页 65001)。
C:\Users\12891\source\repos\Server\Server\main.cpp(1,1): warning C4828: 文件包含在偏移 0x3841 处开始的字符，该字符在当前源字符集中无效(代码页 65001)。
C:\Users\12891\source\repos\Server\Server\main.cpp(1,1): warning C4828: 文件包含在偏移 0x3846 处开始的字符，该字符在当前源字符集中无效(代码页 65001)。
C:\Users\12891\source\repos\Server\Server\main.cpp(1,1): warning C4828: 文件包含在偏移 0x384b 处开始的字符，该字符在当前源字符集中无效(代码页 65001)。
C:\Users\12891\source\repos\Server\Server\main.cpp(1,1): warning C4828: 文件包含在偏移 0x398c 处开始的字符，该字符在当前源字符集中无效(代码页 65001)。
C:\Users\12891\source\repos\Server\Server\main.cpp(1,1): warning C4828: 文件包含在偏移 0x398d 处开始的字符，该字符在当前源字符集中无效(代码页 65001)。
C:\Users\12891\source\repos\Server\Server\main.cpp(1,1): warning C4828: 文件包含在偏移 0x3990 处开始的字符，该字符在当前源字符集中无效(代码页 65001)。
C:\Users\12891\source\repos\Server\Server\main.cpp(1,1): warning C4828: 文件包含在偏移 0x3991 处开始的字符，该字符在当前源字符集中无效(代码页 65001)。
C:\Users\12891\source\repos\Server\Server\main.cpp(1,1): warning C4828: 文件包含在偏移 0x3992 处开始的字符，该字符在当前源字符集中无效(代码页 65001)。
C:\Users\12891\source\repos\Server\Server\main.cpp(1,1): warning C4828: 文件包含在偏移 0x3993 处开始的字符，该字符在当前源字符集中无效(代码页 65001)。
C:\Users\12891\source\repos\Server\Server\main.cpp(1,1): warning C4828: 文件包含在偏移 0x3995 处开始的字符，该字符在当前源字符集中无效(代码页 65001)。
C:\Users\12891\source\repos\Server\Server\main.cpp(1,1): warning C4828: 文件包含在偏移 0x3aaa 处开始的字符，该字符在当前源字符集中无效(代码页 65001)。
C:\Users\12891\source\repos\Server\Server\main.cpp(1,1): warning C4828: 文件包含在偏移 0x3aab 处开始的字符，该字符在当前源字符集中无效(代码页 65001)。
C:\Users\12891\source\repos\Server\Server\main.cpp(1,1): warning C4828: 文件包含在偏移 0x3ab1 处开始的字符，该字符在当前源字符集中无效(代码页 65001)。
C:\Users\12891\source\repos\Server\Server\main.cpp(1,1): warning C4828: 文件包含在偏移 0x3ab2 处开始的字符，该字符在当前源字符集中无效(代码页 65001)。
C:\Users\12891\source\repos\Server\Server\main.cpp(1,1): warning C4828: 文件包含在偏移 0x3ab3 处开始的字符，该字符在当前源字符集中无效(代码页 65001)。
C:\Users\12891\source\repos\Server\Server\main.cpp(1,1): warning C4828: 文件包含在偏移 0x3ab5 处开始的字符，该字符在当前源字符集中无效(代码页 65001)。
C:\Users\12891\source\repos\Server\Server\main.cpp(1,1): warning C4828: 文件包含在偏移 0x3ab6 处开始的字符，该字符在当前源字符集中无效(代码页 65001)。
C:\Users\12891\source\repos\Server\Server\main.cpp(1,1): warning C4828: 文件包含在偏移 0x3ab7 处开始的字符，该字符在当前源字符集中无效(代码页 65001)。
C:\Users\12891\source\repos\Server\Server\main.cpp(1,1): warning C4828: 文件包含在偏移 0x3ba0 处开始的字符，该字符在当前源字符集中无效(代码页 65001)。
C:\Users\12891\source\repos\Server\Server\main.cpp(1,1): warning C4828: 文件包含在偏移 0x3ba2 处开始的字符，该字符在当前源字符集中无效(代码页 65001)。
C:\Users\12891\source\repos\Server\Server\main.cpp(1,1): warning C4828: 文件包含在偏移 0x3ba4 处开始的字符，该字符在当前源字符集中无效(代码页 65001)。
C:\Users\12891\source\repos\Server\Server\main.cpp(1,1): warning C4828: 文件包含在偏移 0x3ba5 处开始的字符，该字符在当前源字符集中无效(代码页 65001)。
C:\Users\12891\source\repos\Server\Server\main.cpp(1,1): warning C4828: 文件包含在偏移 0x3bc4 处开始的字符，该字符在当前源字符集中无效(代码页 65001)。
C:\Users\12891\source\repos\Server\Server\main.cpp(1,1): warning C4828: 文件包含在偏移 0x3bc5 处开始的字符，该字符在当前源字符集中无效(代码页 65001)。
C:\Users\12891\source\repos\Server\Server\main.cpp(1,1): warning C4828: 文件包含在偏移 0x3bc7 处开始的字符，该字符在当前源字符集中无效(代码页 65001)。
C:\Users\12891\source\repos\Server\Server\main.cpp(1,1): warning C4828: 文件包含在偏移 0x3bc9 处开始的字符，该字符在当前源字符集中无效(代码页 65001)。
C:\Users\12891\source\repos\Server\Server\main.cpp(1,1): warning C4828: 文件包含在偏移 0x3bca 处开始的字符，该字符在当前源字符集中无效(代码页 65001)。
C:\Users\12891\source\repos\Server\Server\main.cpp(1,1): warning C4828: 文件包含在偏移 0x3bcb 处开始的字符，该字符在当前源字符集中无效(代码页 65001)。
C:\Users\12891\source\repos\Server\Server\main.cpp(1,1): warning C4828: 文件包含在偏移 0x3cd6 处开始的字符，该字符在当前源字符集中无效(代码页 65001)。
C:\Users\12891\source\repos\Server\Server\main.cpp(1,1): warning C4828: 文件包含在偏移 0x3cd7 处开始的字符，该字符在当前源字符集中无效(代码页 65001)。
C:\Users\12891\source\repos\Server\Server\main.cpp(1,1): warning C4828: 文件包含在偏移 0x3cd8 处开始的字符，该字符在当前源字符集中无效(代码页 65001)。
C:\Users\12891\source\repos\Server\Server\main.cpp(1,1): warning C4828: 文件包含在偏移 0x3cda 处开始的字符，该字符在当前源字符集中无效(代码页 65001)。
C:\Users\12891\source\repos\Server\Server\main.cpp(1,1): warning C4828: 文件包含在偏移 0x3cdc 处开始的字符，该字符在当前源字符集中无效(代码页 65001)。
C:\Users\12891\source\repos\Server\Server\main.cpp(1,1): warning C4828: 文件包含在偏移 0x3cdd 处开始的字符，该字符在当前源字符集中无效(代码页 65001)。
C:\Users\12891\source\repos\Server\Server\main.cpp(1,1): warning C4828: 文件包含在偏移 0x3d2f 处开始的字符，该字符在当前源字符集中无效(代码页 65001)。
C:\Users\12891\source\repos\Server\Server\main.cpp(1,1): warning C4828: 文件包含在偏移 0x3d31 处开始的字符，该字符在当前源字符集中无效(代码页 65001)。
C:\Users\12891\source\repos\Server\Server\main.cpp(1,1): warning C4828: 文件包含在偏移 0x3d32 处开始的字符，该字符在当前源字符集中无效(代码页 65001)。
C:\Users\12891\source\repos\Server\Server\main.cpp(1,1): warning C4828: 文件包含在偏移 0x3d36 处开始的字符，该字符在当前源字符集中无效(代码页 65001)。
C:\Users\12891\source\repos\Server\Server\main.cpp(1,1): warning C4828: 文件包含在偏移 0x3d37 处开始的字符，该字符在当前源字符集中无效(代码页 65001)。
C:\Users\12891\source\repos\Server\Server\main.cpp(1,1): warning C4828: 文件包含在偏移 0x3d39 处开始的字符，该字符在当前源字符集中无效(代码页 65001)。
C:\Users\12891\source\repos\Server\Server\main.cpp(1,1): warning C4828: 文件包含在偏移 0x3d3b 处开始的字符，该字符在当前源字符集中无效(代码页 65001)。
C:\Users\12891\source\repos\Server\Server\main.cpp(1,1): warning C4828: 文件包含在偏移 0x3d3c 处开始的字符，该字符在当前源字符集中无效(代码页 65001)。
C:\Users\12891\source\repos\Server\Server\main.cpp(1,1): warning C4828: 文件包含在偏移 0x3d3d 处开始的字符，该字符在当前源字符集中无效(代码页 65001)。
C:\Users\12891\source\repos\Server\Server\main.cpp(1,1): warning C4828: 文件包含在偏移 0x3d40 处开始的字符，该字符在当前源字符集中无效(代码页 65001)。
C:\Users\12891\source\repos\Server\Server\main.cpp(1,1): warning C4828: 文件包含在偏移 0x3d45 处开始的字符，该字符在当前源字符集中无效(代码页 65001)。
C:\Users\12891\source\repos\Server\Server\main.cpp(1,1): warning C4828: 文件包含在偏移 0x3d48 处开始的字符，该字符在当前源字符集中无效(代码页 65001)。
C:\Users\12891\source\repos\Server\Server\main.cpp(1,1): warning C4828: 文件包含在偏移 0x3d49 处开始的字符，该字符在当前源字符集中无效(代码页 65001)。
C:\Users\12891\source\repos\Server\Server\main.cpp(1,1): warning C4828: 文件包含在偏移 0x3d4a 处开始的字符，该字符在当前源字符集中无效(代码页 65001)。
C:\Users\12891\source\repos\Server\Server\main.cpp(1,1): warning C4828: 文件包含在偏移 0x3d4b 处开始的字符，该字符在当前源字符集中无效(代码页 65001)。
C:\Users\12891\source\repos\Server\Server\main.cpp(1,1): warning C4828: 文件包含在偏移 0x3d4c 处开始的字符，该字符在当前源字符集中无效(代码页 65001)。
C:\Users\12891\source\repos\Server\Server\main.cpp(1,1): warning C4828: 文件包含在偏移 0x3d50 处开始的字符，该字符在当前源字符集中无效(代码页 65001)。
C:\Users\12891\source\repos\Server\Server\main.cpp(1,1): warning C4828: 文件包含在偏移 0x3d53 处开始的字符，该字符在当前源字符集中无效(代码页 65001)。
C:\Users\12891\source\repos\Server\Server\main.cpp(1,1): warning C4828: 文件包含在偏移 0x3dc6 处开始的字符，该字符在当前源字符集中无效(代码页 65001)。
C:\Users\12891\source\repos\Server\Server\main.cpp(1,1): warning C4828: 文件包含在偏移 0x3dc8 处开始的字符，该字符在当前源字符集中无效(代码页 65001)。
C:\Users\12891\source\repos\Server\Server\main.cpp(1,1): warning C4828: 文件包含在偏移 0x3dcb 处开始的字符，该字符在当前源字符集中无效(代码页 65001)。
C:\Users\12891\source\repos\Server\Server\main.cpp(1,1): warning C4828: 文件包含在偏移 0x3dcd 处开始的字符，该字符在当前源字符集中无效(代码页 65001)。
C:\Users\12891\source\repos\Server\Server\main.cpp(1,1): warning C4828: 文件包含在偏移 0x3dd0 处开始的字符，该字符在当前源字符集中无效(代码页 65001)。
C:\Users\12891\source\repos\Server\Server\main.cpp(1,1): warning C4828: 文件包含在偏移 0x3dd1 处开始的字符，该字符在当前源字符集中无效(代码页 65001)。
C:\Users\12891\source\repos\Server\Server\main.cpp(1,1): warning C4828: 文件包含在偏移 0x3dd2 处开始的字符，该字符在当前源字符集中无效(代码页 65001)。
C:\Users\12891\source\repos\Server\Server\main.cpp(1,1): warning C4828: 文件包含在偏移 0x3dd3 处开始的字符，该字符在当前源字符集中无效(代码页 65001)。
C:\Users\12891\source\repos\Server\Server\main.cpp(1,1): warning C4828: 文件包含在偏移 0x3dd6 处开始的字符，该字符在当前源字符集中无效(代码页 65001)。
C:\Users\12891\source\repos\Server\Server\main.cpp(1,1): warning C4828: 文件包含在偏移 0x3dd7 处开始的字符，该字符在当前源字符集中无效(代码页 65001)。
C:\Users\12891\source\repos\Server\Server\main.cpp(1,1): warning C4828: 文件包含在偏移 0x3dd8 处开始的字符，该字符在当前源字符集中无效(代码页 65001)。
C:\Users\12891\source\repos\Server\Server\main.cpp(1,1): warning C4828: 文件包含在偏移 0x3ddc 处开始的字符，该字符在当前源字符集中无效(代码页 65001)。
C:\Users\12891\source\repos\Server\Server\main.cpp(1,1): warning C4828: 文件包含在偏移 0x3e49 处开始的字符，该字符在当前源字符集中无效(代码页 65001)。
C:\Users\12891\source\repos\Server\Server\main.cpp(1,1): warning C4828: 文件包含在偏移 0x3e4a 处开始的字符，该字符在当前源字符集中无效(代码页 65001)。
C:\Users\12891\source\repos\Server\Server\main.cpp(1,1): warning C4828: 文件包含在偏移 0x3e4b 处开始的字符，该字符在当前源字符集中无效(代码页 65001)。
C:\Users\12891\source\repos\Server\Server\main.cpp(1,1): warning C4828: 文件包含在偏移 0x3e4c 处开始的字符，该字符在当前源字符集中无效(代码页 65001)。
C:\Users\12891\source\repos\Server\Server\main.cpp(1,1): warning C4828: 文件包含在偏移 0x3e51 处开始的字符，该字符在当前源字符集中无效(代码页 65001)。
C:\Users\12891\source\repos\Server\Server\main.cpp(1,1): warning C4828: 文件包含在偏移 0x3e52 处开始的字符，该字符在当前源字符集中无效(代码页 65001)。
C:\Users\12891\source\repos\Server\Server\main.cpp(1,1): warning C4828: 文件包含在偏移 0x3e55 处开始的字符，该字符在当前源字符集中无效(代码页 65001)。
C:\Users\12891\source\repos\Server\Server\main.cpp(1,1): warning C4828: 文件包含在偏移 0x3e56 处开始的字符，该字符在当前源字符集中无效(代码页 65001)。
C:\Users\12891\source\repos\Server\Server\main.cpp(1,1): warning C4828: 文件包含在偏移 0x3e58 处开始的字符，该字符在当前源字符集中无效(代码页 65001)。
C:\Users\12891\source\repos\Server\Server\main.cpp(1,1): warning C4828: 文件包含在偏移 0x3e5a 处开始的字符，该字符在当前源字符集中无效(代码页 65001)。
C:\Users\12891\source\repos\Server\Server\main.cpp(1,1): warning C4828: 文件包含在偏移 0x3e5d 处开始的字符，该字符在当前源字符集中无效(代码页 65001)。
C:\Users\12891\source\repos\Server\Server\main.cpp(1,1): warning C4828: 文件包含在偏移 0x3e5e 处开始的字符，该字符在当前源字符集中无效(代码页 65001)。
C:\Users\12891\source\repos\Server\Server\main.cpp(1,1): warning C4828: 文件包含在偏移 0x3e5f 处开始的字符，该字符在当前源字符集中无效(代码页 65001)。
C:\Users\12891\source\repos\Server\Server\main.cpp(1,1): warning C4828: 文件包含在偏移 0x3e60 处开始的字符，该字符在当前源字符集中无效(代码页 65001)。
C:\Users\12891\source\repos\Server\Server\main.cpp(1,1): warning C4828: 文件包含在偏移 0x428d 处开始的字符，该字符在当前源字符集中无效(代码页 65001)。
C:\Users\12891\source\repos\Server\Server\main.cpp(1,1): warning C4828: 文件包含在偏移 0x428e 处开始的字符，该字符在当前源字符集中无效(代码页 65001)。
C:\Users\12891\source\repos\Server\Server\main.cpp(1,1): warning C4828: 文件包含在偏移 0x428f 处开始的字符，该字符在当前源字符集中无效(代码页 65001)。
C:\Users\12891\source\repos\Server\Server\main.cpp(1,1): warning C4828: 文件包含在偏移 0x4293 处开始的字符，该字符在当前源字符集中无效(代码页 65001)。
C:\Users\12891\source\repos\Server\Server\main.cpp(1,1): warning C4828: 文件包含在偏移 0x4294 处开始的字符，该字符在当前源字符集中无效(代码页 65001)。
C:\Users\12891\source\repos\Server\Server\main.cpp(1,1): warning C4828: 文件包含在偏移 0x4296 处开始的字符，该字符在当前源字符集中无效(代码页 65001)。
C:\Users\12891\source\repos\Server\Server\main.cpp(1,1): warning C4828: 文件包含在偏移 0x4297 处开始的字符，该字符在当前源字符集中无效(代码页 65001)。
C:\Users\12891\source\repos\Server\Server\main.cpp(1,1): warning C4828: 文件包含在偏移 0x4298 处开始的字符，该字符在当前源字符集中无效(代码页 65001)。
C:\Users\12891\source\repos\Server\Server\main.cpp(1,1): warning C4828: 文件包含在偏移 0x4376 处开始的字符，该字符在当前源字符集中无效(代码页 65001)。
C:\Users\12891\source\repos\Server\Server\main.cpp(1,1): warning C4828: 文件包含在偏移 0x4377 处开始的字符，该字符在当前源字符集中无效(代码页 65001)。
C:\Users\12891\source\repos\Server\Server\main.cpp(1,1): warning C4828: 文件包含在偏移 0x4378 处开始的字符，该字符在当前源字符集中无效(代码页 65001)。
C:\Users\12891\source\repos\Server\Server\main.cpp(1,1): warning C4828: 文件包含在偏移 0x437a 处开始的字符，该字符在当前源字符集中无效(代码页 65001)。
C:\Users\12891\source\repos\Server\Server\main.cpp(1,1): warning C4828: 文件包含在偏移 0x437b 处开始的字符，该字符在当前源字符集中无效(代码页 65001)。
C:\Users\12891\source\repos\Server\Server\main.cpp(1,1): warning C4828: 文件包含在偏移 0x4383 处开始的字符，该字符在当前源字符集中无效(代码页 65001)。
C:\Users\12891\source\repos\Server\Server\main.cpp(1,1): warning C4828: 文件包含在偏移 0x4384 处开始的字符，该字符在当前源字符集中无效(代码页 65001)。
C:\Users\12891\source\repos\Server\Server\main.cpp(1,1): warning C4828: 文件包含在偏移 0x439d 处开始的字符，该字符在当前源字符集中无效(代码页 65001)。
C:\Users\12891\source\repos\Server\Server\main.cpp(1,1): warning C4828: 文件包含在偏移 0x439e 处开始的字符，该字符在当前源字符集中无效(代码页 65001)。
C:\Users\12891\source\repos\Server\Server\main.cpp(1,1): warning C4828: 文件包含在偏移 0x43a0 处开始的字符，该字符在当前源字符集中无效(代码页 65001)。
C:\Users\12891\source\repos\Server\Server\main.cpp(1,1): warning C4828: 文件包含在偏移 0x45c8 处开始的字符，该字符在当前源字符集中无效(代码页 65001)。
C:\Users\12891\source\repos\Server\Server\main.cpp(1,1): warning C4828: 文件包含在偏移 0x45c9 处开始的字符，该字符在当前源字符集中无效(代码页 65001)。
C:\Users\12891\source\repos\Server\Server\main.cpp(1,1): warning C4828: 文件包含在偏移 0x45ca 处开始的字符，该字符在当前源字符集中无效(代码页 65001)。
C:\Users\12891\source\repos\Server\Server\main.cpp(1,1): warning C4828: 文件包含在偏移 0x45cc 处开始的字符，该字符在当前源字符集中无效(代码页 65001)。
C:\Users\12891\source\repos\Server\Server\main.cpp(1,1): warning C4828: 文件包含在偏移 0x45cd 处开始的字符，该字符在当前源字符集中无效(代码页 65001)。
C:\Users\12891\source\repos\Server\Server\main.cpp(1,1): warning C4828: 文件包含在偏移 0x45d0 处开始的字符，该字符在当前源字符集中无效(代码页 65001)。
C:\Users\12891\source\repos\Server\Server\main.cpp(1,1): warning C4828: 文件包含在偏移 0x45d2 处开始的字符，该字符在当前源字符集中无效(代码页 65001)。
C:\Users\12891\source\repos\Server\Server\main.cpp(1,1): warning C4828: 文件包含在偏移 0x45d3 处开始的字符，该字符在当前源字符集中无效(代码页 65001)。
C:\Users\12891\source\repos\Server\Server\main.cpp(1,1): warning C4828: 文件包含在偏移 0x45d4 处开始的字符，该字符在当前源字符集中无效(代码页 65001)。
C:\Users\12891\source\repos\Server\Server\main.cpp(1,1): warning C4828: 文件包含在偏移 0x45d5 处开始的字符，该字符在当前源字符集中无效(代码页 65001)。
C:\Users\12891\source\repos\Server\Server\main.cpp(1,1): warning C4828: 文件包含在偏移 0x45d6 处开始的字符，该字符在当前源字符集中无效(代码页 65001)。
C:\Users\12891\source\repos\Server\Server\main.cpp(1,1): warning C4828: 文件包含在偏移 0x45d7 处开始的字符，该字符在当前源字符集中无效(代码页 65001)。
C:\Users\12891\source\repos\Server\Server\main.cpp(1,1): warning C4828: 文件包含在偏移 0x45da 处开始的字符，该字符在当前源字符集中无效(代码页 65001)。
C:\Users\12891\source\repos\Server\Server\main.cpp(1,1): warning C4828: 文件包含在偏移 0x45dd 处开始的字符，该字符在当前源字符集中无效(代码页 65001)。
C:\Users\12891\source\repos\Server\Server\main.cpp(1,1): warning C4828: 文件包含在偏移 0x45de 处开始的字符，该字符在当前源字符集中无效(代码页 65001)。
C:\Users\12891\source\repos\Server\Server\main.cpp(1,1): warning C4828: 文件包含在偏移 0x45e0 处开始的字符，该字符在当前源字符集中无效(代码页 65001)。
C:\Users\12891\source\repos\Server\Server\main.cpp(1,1): warning C4828: 文件包含在偏移 0x45e2 处开始的字符，该字符在当前源字符集中无效(代码页 65001)。
C:\Users\12891\source\repos\Server\Server\main.cpp(1,1): warning C4828: 文件包含在偏移 0x45e3 处开始的字符，该字符在当前源字符集中无效(代码页 65001)。
C:\Users\12891\source\repos\Server\Server\main.cpp(1,1): warning C4828: 文件包含在偏移 0x45e6 处开始的字符，该字符在当前源字符集中无效(代码页 65001)。
C:\Users\12891\source\repos\Server\Server\main.cpp(1,1): warning C4828: 文件包含在偏移 0x45e8 处开始的字符，该字符在当前源字符集中无效(代码页 65001)。
C:\Users\12891\source\repos\Server\Server\main.cpp(1,1): warning C4828: 文件包含在偏移 0x45ed 处开始的字符，该字符在当前源字符集中无效(代码页 65001)。
C:\Users\12891\source\repos\Server\Server\main.cpp(1,1): warning C4828: 文件包含在偏移 0x45ee 处开始的字符，该字符在当前源字符集中无效(代码页 65001)。
C:\Users\12891\source\repos\Server\Server\main.cpp(1,1): warning C4828: 文件包含在偏移 0x45ef 处开始的字符，该字符在当前源字符集中无效(代码页 65001)。
C:\Users\12891\source\repos\Server\Server\main.cpp(1,1): warning C4828: 文件包含在偏移 0x45f8 处开始的字符，该字符在当前源字符集中无效(代码页 65001)。
C:\Users\12891\source\repos\Server\Server\main.cpp(1,1): warning C4828: 文件包含在偏移 0x4631 处开始的字符，该字符在当前源字符集中无效(代码页 65001)。
C:\Users\12891\source\repos\Server\Server\main.cpp(1,1): warning C4828: 文件包含在偏移 0x4632 处开始的字符，该字符在当前源字符集中无效(代码页 65001)。
C:\Users\12891\source\repos\Server\Server\main.cpp(1,1): warning C4828: 文件包含在偏移 0x4634 处开始的字符，该字符在当前源字符集中无效(代码页 65001)。
C:\Users\12891\source\repos\Server\Server\main.cpp(1,1): warning C4828: 文件包含在偏移 0x4639 处开始的字符，该字符在当前源字符集中无效(代码页 65001)。
C:\Users\12891\source\repos\Server\Server\main.cpp(1,1): warning C4828: 文件包含在偏移 0x486e 处开始的字符，该字符在当前源字符集中无效(代码页 65001)。
C:\Users\12891\source\repos\Server\Server\main.cpp(1,1): warning C4828: 文件包含在偏移 0x486f 处开始的字符，该字符在当前源字符集中无效(代码页 65001)。
C:\Users\12891\source\repos\Server\Server\main.cpp(1,1): warning C4828: 文件包含在偏移 0x4873 处开始的字符，该字符在当前源字符集中无效(代码页 65001)。
C:\Users\12891\source\repos\Server\Server\main.cpp(1,1): warning C4828: 文件包含在偏移 0x50e0 处开始的字符，该字符在当前源字符集中无效(代码页 65001)。
C:\Users\12891\source\repos\Server\Server\main.cpp(1,1): warning C4828: 文件包含在偏移 0x50e3 处开始的字符，该字符在当前源字符集中无效(代码页 65001)。
C:\Users\12891\source\repos\Server\Server\main.cpp(1,1): warning C4828: 文件包含在偏移 0x50e7 处开始的字符，该字符在当前源字符集中无效(代码页 65001)。
C:\Users\12891\source\repos\Server\Server\main.cpp(1,1): warning C4828: 文件包含在偏移 0x50e9 处开始的字符，该字符在当前源字符集中无效(代码页 65001)。
C:\Users\12891\source\repos\Server\Server\main.cpp(349,52): warning C4267: “初始化”: 从“size_t”转换到“int”，可能丢失数据
C:\Users\12891\source\repos\Server\Server\main.cpp(378,47): warning C4267: “初始化”: 从“size_t”转换到“int”，可能丢失数据
C:\Users\12891\source\repos\Server\Server\main.cpp(404,52): warning C4267: “初始化”: 从“size_t”转换到“int”，可能丢失数据
C:\Users\12891\source\repos\Server\Server\main.cpp(532,39): warning C4474: printf: 格式字符串中传递的参数太多
C:\Users\12891\source\repos\Server\Server\main.cpp(532,39): message : 占位符和其参数预计 0 可变参数，但提供的却是 1 参数
  Server.vcxproj -> C:\Users\12891\source\repos\Server\x64\Debug\Server.exe
